1aig_match_2hg3.isomif LIGRMSD 22.045
1aik_match_2z2t.isomif LIGRMSD 0.000
1ava_match_2iwt.isomif LIGRMSD 21.996
1azs_match_2gvz.isomif LIGRMSD 15.273
1bk5_match_2c1t.isomif LIGRMSD 13.402
1c48_match_1dm0.isomif LIGRMSD 0.000
1c8o_match_1m93.isomif LIGRMSD 0.000
1cow_match_2jj1.isomif LIGRMSD 0.000
1f93_match_1dcp.isomif LIGRMSD 0.000
1ffv_match_1ffu.isomif LIGRMSD 34.029
1fl7_match_1xwd.isomif LIGRMSD 0.000
1gpq_match_1zv5.isomif LIGRMSD 0.000
1hcf_match_1b8m.isomif LIGRMSD 0.000
1hl6_match_1rk8.isomif LIGRMSD 0.000
1kmi_match_1udr.isomif LIGRMSD 0.000
1l2w_match_1k6z.isomif LIGRMSD 0.000
1n13_match_2qqc.isomif LIGRMSD 0.000
1nen_match_2acz.isomif LIGRMSD 0.000
1nez_match_2atp.isomif LIGRMSD 20.518
1nh2_match_1ytf.isomif LIGRMSD 0.000
1ntm_match_1be3.isomif LIGRMSD 0.000
1pcz_match_1ais.isomif LIGRMSD 9.930
1po1_match_1ar6.isomif LIGRMSD 0.000
1qbk_match_2ot8.isomif LIGRMSD 0.000
1qcb_match_1tii.isomif LIGRMSD 0.000
1quq_match_1l1o.isomif LIGRMSD 0.000
1qvo_match_1ao7.isomif LIGRMSD 0.000
1r0r_match_1cse.isomif LIGRMSD 8.039
1sr4_match_2f2f.isomif LIGRMSD 0.000
1suy_match_1q6b.isomif LIGRMSD 0.000
1th1_match_2gl7.isomif LIGRMSD 41.822
1tqe_match_1n6j.isomif LIGRMSD 0.000
1u3a_match_2hi7.isomif LIGRMSD 0.000
1v55_match_2dyr.isomif LIGRMSD 0.000
1wqj_match_2dsq.isomif LIGRMSD 0.000
1xox_match_2qfa.isomif LIGRMSD 20.828
1zaw_match_1zav.isomif LIGRMSD 0.000
1zlh_match_4cpa.isomif LIGRMSD 0.000
2a06_match_1ppj.isomif LIGRMSD 0.000
2a5y_match_1ty4.isomif LIGRMSD 0.000
2avy_match_2i2u.isomif LIGRMSD 0.000
2b5i_match_3ink.isomif LIGRMSD 11.774
2bkr_match_2nvu.isomif LIGRMSD 36.529
2ckh_match_2iy0.isomif LIGRMSD 0.000
2dqn_match_2df4.isomif LIGRMSD 0.000
2dyp_match_1exu.isomif LIGRMSD 0.000
2e76_match_2d2c.isomif LIGRMSD 0.000
2fkw_match_1nkz.isomif LIGRMSD 0.000
2h1o_match_2bsq.isomif LIGRMSD 0.000
2j3r_match_2j3w.isomif LIGRMSD 0.000
2qqk_match_2hfg.isomif LIGRMSD 0.000
2vp7_match_2dx8.isomif LIGRMSD 0.000
2z5b_match_2z5c.isomif LIGRMSD 0.000
3b6f_match_1p3g.isomif LIGRMSD 0.000
3b6f_match_2hue.isomif LIGRMSD 0.000
3b9j_match_1fiq.isomif LIGRMSD 0.000
3ch5_match_1rrp.isomif LIGRMSD 0.000
